// Jest Snapshot v1, https://goo.gl/fbAQLP

exports[`<StringNodeRenderer /> should render correctly 1`] = `
<div>
  <input
    class="input"
    data-nodepath="/"
    data-nodetype="string"
    type="text"
    value="some-data"
  />
</div>
`;

exports[`<StringRenderer /> should render correctly 1`] = `
<div>
  <input
    class="input"
    data-nodepath="/"
    data-nodetype="string"
    type="text"
    value="some-data"
  />
</div>
`;
