// Jest Snapshot v1, https://goo.gl/fbAQLP

exports[`<ErrorPanel /> should display a default message if no error is provided 1`] = `"An error occurred"`;

exports[`<ErrorPanel /> should display a default message if no error message is provided 1`] = `"An error occurred"`;

exports[`<ErrorPanel /> should display a string error message 1`] = `"some string error message"`;

exports[`<ErrorPanel /> should display an Error error message 1`] = `"some Error error message"`;

exports[`<ErrorPanel /> should display the error message 1`] = `"some error message"`;
