// Jest Snapshot v1, https://goo.gl/fbAQLP

exports[`getChildData() should error if null parent config is not found 1`] = `"Cannot read property 'children' of null"`;

exports[`getChildData() should error if parent config is not found 1`] = `"Couldn't find config for node at path 'page'"`;

exports[`getChildData() should error if the parent has no children (i.e. []) configured 1`] = `"object type 'page' has no children configured. At least one is required."`;

exports[`getChildData() should error if the parent has no children (i.e. null) configured 1`] = `"object type 'page' has no children configured. At least one is required."`;

exports[`getChildData() should error if undefined parent config is not found 1`] = `"Cannot read property 'children' of undefined"`;
