// Jest Snapshot v1, https://goo.gl/fbAQLP

exports[`getChildPaths() should error if no parent config is found 1`] = `[Function]`;
