// Jest Snapshot v1, https://goo.gl/fbAQLP

exports[`registerObjectNodeRenderer() should return the correct registration 1`] = `
Object {
  "Renderer": [Function],
  "description": "Manage complex nested structures",
  "getChildData": [Function],
  "getChildPaths": [Function],
  "initialiseData": [Function],
  "name": "Object",
  "options": undefined,
  "type": "object",
}
`;
