// Jest Snapshot v1, https://goo.gl/fbAQLP

exports[`JsonSchemaPropertyValidator should default options correctly 1`] = `
Array [
  "CLIENT_CREATE",
  "CLIENT_UPDATE",
  "SERVER_UPDATE",
  "SERVER_UPDATE",
]
`;

exports[`JsonSchemaPropertyValidator should default options correctly 2`] = `
Array [
  "INLINE",
  "SUMMARY",
]
`;

exports[`JsonSchemaPropertyValidator should error when no schema is provided 1`] = `"Schema option is required by JsonSchemaValidator"`;
