// Jest Snapshot v1, https://goo.gl/fbAQLP

exports[`<EditRenderer /> should display an appropriate error when a property display config doesn't match a property 1`] = `"error: Couldn't find prop matching 'some-weird-unknown-prop' from layout config. Check the property exists."`;

exports[`<EditRenderer /> should display an appropriate error when it can't find the correct non-property type renderer 1`] = `"error: No type renderer for display type 'column'. Registered type renderers: []"`;

exports[`<EditRenderer /> should display an appropriate error when it can't find the correct property type renderer 1`] = `"error: No property type renderer for type 'rainbow' of 'Prop of unknown type'. Registered property type renderers: [string]"`;

exports[`<EditRenderer /> should hide the loading UI once item has been loaded 1`] = `"loading..."`;

exports[`<EditRenderer /> should render the UI for non-property display config 1`] = `
<div
  data-testid="col"
>
  <div
    data-testid="property-title"
  >
    Untitled
  </div>
</div>
`;

exports[`<EditRenderer /> should show loading UI to begin with 1`] = `"loading..."`;

exports[`<EditRenderer /> when editing an existing item should display an appropriate error when it can't find item with the specified ID 1`] = `"error: Couldn't find a Page with ID 'some-id'"`;

exports[`<EditRenderer /> when editing an existing item should display an appropriate error when no model configuration is provided 1`] = `"error: Model configuration is required"`;

exports[`<EditRenderer /> when editing an existing item should display an appropriate error when service can't load data 1`] = `"error: There was a problem loading that Page: some error message"`;
