// Jest Snapshot v1, https://goo.gl/fbAQLP

exports[`<ConfigProvider />  when using useConfig should error when no provider is declared 1`] = `"Couldn't find the config registry. Make sure you've declared a <ConfigProvider /> and passed it valid config."`;
