// Jest Snapshot v1, https://goo.gl/fbAQLP

exports[`<RecoilStateProvider /> should correctly set up Recoil state management 1`] = `
<div>
  <div>
    <div>
      <div>
        Some child
      </div>
    </div>
  </div>
</div>
`;

exports[`<RecoilStateProvider /> should correctly set up Recoil state management 2`] = `
Array [
  "instanceId",
  "nodeValidationHook",
  "aggregateNodeValidationHook",
  "validatorRegistry",
  "children",
]
`;

exports[`<RecoilStateProvider /> should correctly set up Recoil state management 3`] = `
Array [
  "instanceId",
  "treeDataHook",
  "treeDataInitialiserHook",
  "nodeDataHook",
  "treeDataCallbackHook",
  "treePathsHook",
  "arrayNodeDataHook",
  "children",
]
`;
