// Jest Snapshot v1, https://goo.gl/fbAQLP

exports[`getChildPaths() should error if no config is found for a child item 1`] = `[Function]`;

exports[`getChildPaths() should error if null config is found for a child item 1`] = `[Function]`;

exports[`getChildPaths() should error if undefined config is found for a child item 1`] = `[Function]`;
